Analyzing smart_inventory_system...                             
No issues found! (ran in 3.6s)
